abs
atoi
atol
bzero
creat
div
fclose
fflush
fputwc
isalnum
isalpha
isascii
isblank
iscntrl
isdigit
isgraph
islower
isprint
ispunct
isspace
isupper
itoa
labs
ldiv
longjmp
memccpy
memchr
memcmp
memcpy
memmove
memrchr
memset
qsort
rand
rand_r
setjmp
srand
strcasecmp
strcasestr
strcat
strchr
strcmp
strcoll
strcpy
strcspn
strdup
strlcat
strlcpy
strlen
strlwr
strncasecmp
strncat
strncmp
strncpy
strndup
strnlen
strrchr
strsep
strspn
strstr
strtok_r
strtol
strtoul
strupr
toascii
tolower
toupper
ungetc
utoa
wcrtomb
asiprintf
asniprintf
asnprintf
asprintf
fiprintf
fiscanf
fprintf
fscanf
iprintf
iscanf
printf
scanf
siprintf
siscanf
sniprintf
snprintf
sprintf
sscanf
vasiprintf
vasniprintf
vasnprintf
vasprintf
vfiprintf
vfiscanf
vfprintf
vfscanf
viprintf
viscanf
vprintf
vscanf
vsiprintf
vsiscanf
vsniprintf
vsnprintf
vsprintf
vsscanf
asctime
asctime_r
ctime
ctime_r
gmtime
gmtime_r
localtime
localtime_r
mktime
strftime
time
tzset
abort
aes_128_cbc_decrypt
aes_128_cbc_encrypt
aes_unwrap
base64_decode
base64_encode
ets_isr_mask
ets_isr_unmask
ets_timer_arm
ets_timer_arm_us
ets_timer_disarm
ets_timer_done
ets_timer_init
ets_timer_handler_isr
ets_timer_setfn
hmac_md5
hmac_md5_vector
hmac_sha1
hmac_sha1_vector
hmac_sha256
hmac_sha256_vector
MD5Final
MD5Init
MD5Update
md5_vector
pbkdf2_sha1
rc4_skip
sha1_prf
sha1_vector
sha256_prf
sha256_vector
uart_tx_wait_idle
esp_rom_spiflash_write_encrypted
esp_rom_spiflash_erase_area
esp_rom_spiflash_erase_block
esp_rom_spiflash_erase_chip
esp_rom_spiflash_erase_sector
esp_rom_spiflash_attach
esp_rom_spiflash_lock
esp_rom_spiflash_read
esp_rom_spiflash_config_readmode
esp_rom_spiflash_read_status
esp_rom_spiflash_read_statushigh
esp_rom_spiflash_write
esp_rom_spiflash_enable_write
esp_rom_spiflash_write_status
esp_rom_spiflash_wait_idle
esp_rom_spiflash_unlock
calloc
free
malloc
realloc
close
open
read
sbrk
times
write
